// Jest Snapshot v1, https://goo.gl/fbAQLP

exports[`Pruebas en FirstApp Evaluar cambios en el componente 1`] = `
<div>
  <h1
    data-testid="test-title"
  >
    Soy una titulo prueba
  </h1>
  <p>
    0
  </p>
  <p>
    0
  </p>
  <p>
    0
  </p>
</div>
`;
